GET http://localhost:3000/api/trackings?codes=LE251026577SE,LE258050301SE